// Jest Snapshot v1, https://goo.gl/fbAQLP

exports[`Floating Add Button snapshot created successfully 1`] = `
<View
  accessibilityState={
    {
      "busy": undefined,
      "checked": undefined,
      "disabled": undefined,
      "expanded": undefined,
      "selected": undefined,
    }
  }
  accessibilityValue={
    {
      "max": undefined,
      "min": undefined,
      "now": undefined,
      "text": undefined,
    }
  }
  accessible={true}
  collapsable={false}
  focusable={true}
  onBlur={[Function]}
  onClick={[Function]}
  onFocus={[Function]}
  onResponderGrant={[Function]}
  onResponderMove={[Function]}
  onResponderRelease={[Function]}
  onResponderTerminate={[Function]}
  onResponderTerminationRequest={[Function]}
  onStartShouldSetResponder={[Function]}
  style={
    [
      {
        "bottom": 50,
        "position": "absolute",
        "right": 16,
      },
      {
        "backgroundColor": "transparent",
        "borderRadius": 20,
      },
    ]
  }
  testID="floatingBtn"
>
  <SvgMock
    testID="plusIcon"
  />
</View>
`;
