// Jest Snapshot v1, https://goo.gl/fbAQLP

exports[`CustomIcon snapshot created successfully 1`] = `
<View
  accessibilityState={
    {
      "busy": undefined,
      "checked": undefined,
      "disabled": undefined,
      "expanded": undefined,
      "selected": undefined,
    }
  }
  accessibilityValue={
    {
      "max": undefined,
      "min": undefined,
      "now": undefined,
      "text": undefined,
    }
  }
  accessible={true}
  collapsable={false}
  focusable={true}
  onBlur={[Function]}
  onClick={[Function]}
  onFocus={[Function]}
  onResponderGrant={[Function]}
  onResponderMove={[Function]}
  onResponderRelease={[Function]}
  onResponderTerminate={[Function]}
  onResponderTerminationRequest={[Function]}
  onStartShouldSetResponder={[Function]}
  style={
    {
      "flex": 1,
    }
  }
  testID="customIcon"
>
  <Text
    allowFontScaling={false}
    selectable={false}
    style={
      [
        {
          "color": "#000000",
          "fontSize": 16,
        },
        undefined,
        {
          "fontFamily": "Material Icons",
          "fontStyle": "normal",
          "fontWeight": "normal",
        },
        {},
      ]
    }
  >
    îŒ•
  </Text>
</View>
`;
