// Jest Snapshot v1, https://goo.gl/fbAQLP

exports[`HeadersWithButton snapshot created successfully 1`] = `
<View
  style={
    [
      {
        "alignItems": "center",
        "flexDirection": "row",
        "justifyContent": "space-between",
      },
      {
        "flex": 1,
      },
    ]
  }
  testID="headersWithButton"
>
  <View
    accessibilityState={
      {
        "busy": undefined,
        "checked": undefined,
        "disabled": undefined,
        "expanded": undefined,
        "selected": undefined,
      }
    }
    accessibilityValue={
      {
        "max": undefined,
        "min": undefined,
        "now": undefined,
        "text": undefined,
      }
    }
    accessible={true}
    collapsable={false}
    focusable={true}
    onBlur={[Function]}
    onClick={[Function]}
    onFocus={[Function]}
    onResponderGrant={[Function]}
    onResponderMove={[Function]}
    onResponderRelease={[Function]}
    onResponderTerminate={[Function]}
    onResponderTerminationRequest={[Function]}
    onStartShouldSetResponder={[Function]}
    style={
      [
        {
          "alignItems": "center",
          "backgroundColor": "#FFFFFF",
          "borderRadius": 20,
          "height": 40,
          "justifyContent": "center",
          "opacity": 1,
          "width": 40,
        },
        {
          "flex": 1,
        },
      ]
    }
    testID="test"
  >
    <View
      testID="customIcon"
    >
      <Text
        allowFontScaling={false}
        selectable={false}
        style={
          [
            {
              "color": "#000000",
              "fontSize": 40,
            },
            undefined,
            {
              "fontFamily": "Material Icons",
              "fontStyle": "normal",
              "fontWeight": "normal",
            },
            {},
          ]
        }
      >
        î—‹
      </Text>
    </View>
  </View>
  <Text>
    Card Content
  </Text>
</View>
`;
