// Jest Snapshot v1, https://goo.gl/fbAQLP

exports[`Space snapshot created successfully 1`] = `
<View
  style={
    {
      "backgroundColor": "transparent",
      "height": 30,
      "width": 30,
    }
  }
/>
`;
