// Jest Snapshot v1, https://goo.gl/fbAQLP

exports[`SwipableActionButton snapshot created successfully 1`] = `
<View
  style={
    {
      "flexDirection": "row",
    }
  }
/>
`;
