// Jest Snapshot v1, https://goo.gl/fbAQLP

exports[`DepartureDocCard snapshot created successfully 1`] = `
<View
  style={
    {
      "alignItems": "center",
      "borderBottomColor": "#CCCDCF",
      "borderBottomWidth": 1,
      "flexDirection": "row",
      "justifyContent": "flex-start",
      "paddingHorizontal": 16,
      "paddingVertical": 20,
    }
  }
  testID="departureDocCard"
>
  <View
    testID="customIcon"
  >
    <Text
      allowFontScaling={false}
      selectable={false}
      style={
        [
          {
            "color": "#005AA5",
            "fontSize": 20,
          },
          undefined,
          {
            "fontFamily": "Material Icons",
            "fontStyle": "normal",
            "fontWeight": "normal",
          },
          {},
        ]
      }
    >
      î¡³
    </Text>
  </View>
  <View
    style={
      {
        "flex": 1,
        "flexDirection": "column",
        "justifyContent": "space-between",
        "marginLeft": 16,
      }
    }
  >
    <View
      style={
        {
          "alignItems": "center",
          "flex": 1,
          "flexDirection": "row",
          "justifyContent": "space-between",
        }
      }
    >
      <Text
        style={
          [
            {
              "color": "#000000",
              "fontFamily": "Roboto-Regular",
              "fontSize": 12,
            },
            {
              "color": undefined,
            },
          ]
        }
      >
        test
      </Text>
    </View>
    <Text
      style={
        [
          {
            "marginTop": 2,
          },
          {
            "color": undefined,
          },
        ]
      }
    >
      RUS, 87236487
    </Text>
    <View
      style={
        {
          "flex": 1,
          "flexDirection": "row",
          "justifyContent": "space-between",
        }
      }
    >
      <Text
        style={
          [
            {
              "color": "#707070",
              "fontFamily": "Roboto-Regular",
              "fontSize": 12,
              "marginTop": 8,
            },
            {
              "color": undefined,
            },
          ]
        }
      >
        Issue date: 
        20.08.23
      </Text>
      <Text
        style={
          [
            {
              "color": "#707070",
              "fontFamily": "Roboto-Regular",
              "fontSize": 12,
              "marginTop": 8,
            },
            {
              "color": undefined,
            },
          ]
        }
      >
        Exp. date: 
        31.08.23
      </Text>
    </View>
  </View>
</View>
`;
